Release 14.2 - xst P.28xd (nt64)
Copyright (c) 1995-2012 Xilinx, Inc.  All rights reserved.
--> Parameter TMPDIR set to xst/projnav.tmp


Total REAL time to Xst completion: 0.00 secs
Total CPU time to Xst completion: 0.08 secs
 
--> Parameter xsthdpdir set to xst


Total REAL time to Xst completion: 0.00 secs
Total CPU time to Xst completion: 0.08 secs
 
--> Reading design: vga_controller.prj

TABLE OF CONTENTS
  1) Synthesis Options Summary
  2) HDL Parsing
  3) HDL Elaboration
  4) HDL Synthesis
       4.1) HDL Synthesis Report
  5) Advanced HDL Synthesis
       5.1) Advanced HDL Synthesis Report
  6) Low Level Synthesis
  7) Partition Report
  8) Design Summary
       8.1) Primitive and Black Box Usage
       8.2) Device utilization summary
       8.3) Partition Resource Summary
       8.4) Timing Report
            8.4.1) Clock Information
            8.4.2) Asynchronous Control Signals Information
            8.4.3) Timing Summary
            8.4.4) Timing Details
            8.4.5) Cross Clock Domains Report


=========================================================================
*                      Synthesis Options Summary                        *
=========================================================================
---- Source Parameters
Input File Name                    : "vga_controller.prj"
Ignore Synthesis Constraint File   : NO

---- Target Parameters
Output File Name                   : "vga_controller"
Output Format                      : NGC
Target Device                      : xc6slx16-3-csg324

---- Source Options
Top Module Name                    : vga_controller
Automatic FSM Extraction           : YES
FSM Encoding Algorithm             : Auto
Safe Implementation                : No
FSM Style                          : LUT
RAM Extraction                     : Yes
RAM Style                          : Auto
ROM Extraction                     : Yes
Shift Register Extraction          : YES
ROM Style                          : Auto
Resource Sharing                   : YES
Asynchronous To Synchronous        : NO
Shift Register Minimum Size        : 2
Use DSP Block                      : Auto
Automatic Register Balancing       : No

---- Target Options
LUT Combining                      : Auto
Reduce Control Sets                : Auto
Add IO Buffers                     : YES
Global Maximum Fanout              : 100000
Add Generic Clock Buffer(BUFG)     : 16
Register Duplication               : YES
Optimize Instantiated Primitives   : NO
Use Clock Enable                   : Auto
Use Synchronous Set                : Auto
Use Synchronous Reset              : Auto
Pack IO Registers into IOBs        : Auto
Equivalent register Removal        : YES

---- General Options
Optimization Goal                  : Speed
Optimization Effort                : 1
Power Reduction                    : NO
Keep Hierarchy                     : No
Netlist Hierarchy                  : As_Optimized
RTL Output                         : Yes
Global Optimization                : AllClockNets
Read Cores                         : YES
Write Timing Constraints           : NO
Cross Clock Analysis               : NO
Hierarchy Separator                : /
Bus Delimiter                      : <>
Case Specifier                     : Maintain
Slice Utilization Ratio            : 100
BRAM Utilization Ratio             : 100
DSP48 Utilization Ratio            : 100
Auto BRAM Packing                  : NO
Slice Utilization Ratio Delta      : 5

=========================================================================


=========================================================================
*                          HDL Parsing                                  *
=========================================================================
Parsing VHDL file "C:\temp\EyeToy_project\eyetoy_ise\user_logic.vhd" into library work
Parsing entity <user_logic>.
Parsing architecture <behavior> of entity <vga_controller>.
ERROR:HDLCompiler:374 - "C:\temp\EyeToy_project\eyetoy_ise\user_logic.vhd" Line 51: Entity <vga_controller> is not yet compiled.
ERROR:HDLCompiler:69 - "C:\temp\EyeToy_project\eyetoy_ise\user_logic.vhd" Line 52: <integer> is not declared.
ERROR:HDLCompiler:69 - "C:\temp\EyeToy_project\eyetoy_ise\user_logic.vhd" Line 53: <integer> is not declared.
ERROR:HDLCompiler:69 - "C:\temp\EyeToy_project\eyetoy_ise\user_logic.vhd" Line 56: <n_blank> is not declared.
ERROR:HDLCompiler:69 - "C:\temp\EyeToy_project\eyetoy_ise\user_logic.vhd" Line 57: <n_sync> is not declared.
ERROR:HDLCompiler:69 - "C:\temp\EyeToy_project\eyetoy_ise\user_logic.vhd" Line 60: <integer> is not declared.
ERROR:HDLCompiler:69 - "C:\temp\EyeToy_project\eyetoy_ise\user_logic.vhd" Line 61: <integer> is not declared.
ERROR:HDLCompiler:69 - "C:\temp\EyeToy_project\eyetoy_ise\user_logic.vhd" Line 65: <h_count> is not declared.
ERROR:HDLCompiler:69 - "C:\temp\EyeToy_project\eyetoy_ise\user_logic.vhd" Line 66: <v_count> is not declared.
ERROR:HDLCompiler:69 - "C:\temp\EyeToy_project\eyetoy_ise\user_logic.vhd" Line 67: <h_sync> is not declared.
ERROR:HDLCompiler:69 - "C:\temp\EyeToy_project\eyetoy_ise\user_logic.vhd" Line 68: <v_sync> is not declared.
ERROR:HDLCompiler:69 - "C:\temp\EyeToy_project\eyetoy_ise\user_logic.vhd" Line 69: <disp_ena> is not declared.
ERROR:HDLCompiler:69 - "C:\temp\EyeToy_project\eyetoy_ise\user_logic.vhd" Line 70: <column> is not declared.
ERROR:HDLCompiler:69 - "C:\temp\EyeToy_project\eyetoy_ise\user_logic.vhd" Line 71: <row> is not declared.
ERROR:HDLCompiler:69 - "C:\temp\EyeToy_project\eyetoy_ise\user_logic.vhd" Line 77: <h_count> is not declared.
ERROR:HDLCompiler:69 - "C:\temp\EyeToy_project\eyetoy_ise\user_logic.vhd" Line 79: <h_count> is not declared.
ERROR:HDLCompiler:69 - "C:\temp\EyeToy_project\eyetoy_ise\user_logic.vhd" Line 81: <v_count> is not declared.
ERROR:HDLCompiler:69 - "C:\temp\EyeToy_project\eyetoy_ise\user_logic.vhd" Line 83: <v_count> is not declared.
ERROR:HDLCompiler:69 - "C:\temp\EyeToy_project\eyetoy_ise\user_logic.vhd" Line 80: <v_count> is not declared.
Sorry, too many errors..
--> 

Total memory usage is 202568 kilobytes

Number of errors   :   19 (   0 filtered)
Number of warnings :    0 (   0 filtered)
Number of infos    :    0 (   0 filtered)

