C:\temp\implementation\eyetoy.ngc 1443163941
C:/temp/implementation/eyetoy_push_buttons_4bits_wrapper.ngc 1443163890
C:/temp/implementation/eyetoy_dip_switches_8bits_wrapper.ngc 1443163905
C:/temp/implementation/eyetoy_rs232_uart_1_wrapper.ngc 1443163882
C:/temp/implementation/eyetoy_proc_sys_reset_0_wrapper.ngc 1443163779
C:/temp/implementation/eyetoy_clock_generator_0_wrapper.ngc 1443163922
C:/temp/implementation/eyetoy_microblaze_0_ilmb_wrapper.ngc 1443163911
C:/temp/implementation/eyetoy_microblaze_0_dlmb_wrapper.ngc 1443163915
C:/temp/implementation/eyetoy_axi4lite_0_wrapper.ngc 1443163925
C:/temp/implementation/eyetoy_microblaze_0_wrapper.ngc 1443163918
C:/temp/implementation/eyetoy_microblaze_0_i_bram_ctrl_wrapper.ngc 1443163790
C:/temp/implementation/eyetoy_microblaze_0_d_bram_ctrl_wrapper.ngc 1443163801
C:/temp/implementation/eyetoy_debug_module_wrapper.ngc 1443163848
C:/temp/implementation/eyetoy_axi_timer_0_wrapper.ngc 1443163863
C:/temp/implementation/eyetoy_leds_8bits_wrapper.ngc 1443163898
C:/temp/implementation/eyetoy_microblaze_0_bram_block_wrapper.ngc 1443163809
OK
